[creativelayers.net/themes/findhouse-html/index.html]
[creativelayers.net/themes/findhouse-html/css/bootstrap.min.css]
[backblue.gif]
[fade.gif]
[index.html]
[creativelayers.net/themes/findhouse-html/css/responsive.css]
[creativelayers.net/themes/findhouse-html/css/style.css]
[creativelayers.net/themes/findhouse-html/images/favicon.ico]
[creativelayers.net/themes/findhouse-html/images/header-logo.png]
[creativelayers.net/themes/findhouse-html/images/header-logo2.png]
[creativelayers.net/themes/findhouse-html/index2.html]
[creativelayers.net/themes/findhouse-html/index3.html]
[creativelayers.net/themes/findhouse-html/index4.html]
[creativelayers.net/themes/findhouse-html/index5.html]
[creativelayers.net/themes/findhouse-html/index6.html]
[creativelayers.net/themes/findhouse-html/index7.html]
[creativelayers.net/themes/findhouse-html/index8.html]
[creativelayers.net/themes/findhouse-html/index9.html]
[creativelayers.net/themes/findhouse-html/index10.html]
[creativelayers.net/themes/findhouse-html/page-listing-grid-v1.html]
[creativelayers.net/themes/findhouse-html/page-listing-grid-v2.html]
[creativelayers.net/themes/findhouse-html/page-listing-grid-v3.html]
[creativelayers.net/themes/findhouse-html/page-listing-grid-v4.html]
[creativelayers.net/themes/findhouse-html/page-listing-grid-v5.html]
[creativelayers.net/themes/findhouse-html/page-listing-full-width-grid.html]
[creativelayers.net/themes/findhouse-html/page-listing-list.html]
[creativelayers.net/themes/findhouse-html/page-listing-parallax.html]
[creativelayers.net/themes/findhouse-html/page-listing-slider.html]
[creativelayers.net/themes/findhouse-html/page-listing-map.html]
[creativelayers.net/themes/findhouse-html/page-listing-half-map-v1.html]
[creativelayers.net/themes/findhouse-html/page-listing-half-map-v2.html]
[creativelayers.net/themes/findhouse-html/page-listing-half-map-v3.html]
[creativelayers.net/themes/findhouse-html/page-listing-half-map-v4.html]
[creativelayers.net/themes/findhouse-html/page-listing-agent-v1.html]
[creativelayers.net/themes/findhouse-html/page-listing-agent-v2.html]
[creativelayers.net/themes/findhouse-html/page-listing-agent-v3.html]
[creativelayers.net/themes/findhouse-html/page-listing-agencies-v1.html]
[creativelayers.net/themes/findhouse-html/page-listing-agencies-v2.html]
[creativelayers.net/themes/findhouse-html/page-listing-agencies-v3.html]
[creativelayers.net/themes/findhouse-html/page-add-new-property.html]
[creativelayers.net/themes/findhouse-html/page-dashboard.html]
[creativelayers.net/themes/findhouse-html/page-my-properties.html]
[creativelayers.net/themes/findhouse-html/page-message.html]
[creativelayers.net/themes/findhouse-html/page-my-review.html]
[creativelayers.net/themes/findhouse-html/page-my-favorites.html]
[creativelayers.net/themes/findhouse-html/page-my-profile.html]
[creativelayers.net/themes/findhouse-html/page-listing-single-v1.html]
[creativelayers.net/themes/findhouse-html/page-listing-single-v2.html]
[creativelayers.net/themes/findhouse-html/page-listing-single-v3.html]
[creativelayers.net/themes/findhouse-html/page-listing-single-v4.html]
[creativelayers.net/themes/findhouse-html/page-listing-single-v5.html]
[creativelayers.net/themes/findhouse-html/page-shop.html]
[creativelayers.net/themes/findhouse-html/page-shop-single.html]
[creativelayers.net/themes/findhouse-html/page-shop-cart.html]
[creativelayers.net/themes/findhouse-html/page-shop-checkout.html]
[creativelayers.net/themes/findhouse-html/page-shop-order.html]
[creativelayers.net/themes/findhouse-html/page-about.html]
[creativelayers.net/themes/findhouse-html/page-gallery.html]
[creativelayers.net/themes/findhouse-html/page-faq.html]
[creativelayers.net/themes/findhouse-html/page-login.html]
[creativelayers.net/themes/findhouse-html/page-compare.html]
[creativelayers.net/themes/findhouse-html/page-compare2.html]
[creativelayers.net/themes/findhouse-html/page-register.html]
[creativelayers.net/themes/findhouse-html/page-service.html]
[creativelayers.net/themes/findhouse-html/page-error.html]
[creativelayers.net/themes/findhouse-html/page-terms.html]
[creativelayers.net/themes/findhouse-html/page-ui-element.html]
[creativelayers.net/themes/findhouse-html/page-blog-v1.html]
[creativelayers.net/themes/findhouse-html/page-blog-grid.html]
[creativelayers.net/themes/findhouse-html/page-blog-single.html]
[creativelayers.net/themes/findhouse-html/page-contact.html]
[creativelayers.net/themes/findhouse-html/images/resource/login.jpg]
[creativelayers.net/themes/findhouse-html/images/resource/regstr.jpg]
[creativelayers.net/themes/findhouse-html/images/resource/mouse.png]
[creativelayers.net/themes/findhouse-html/images/property/fp1.jpg]
[creativelayers.net/themes/findhouse-html/images/property/pposter1.png]
[creativelayers.net/themes/findhouse-html/images/property/fp2.jpg]
[creativelayers.net/themes/findhouse-html/images/property/fp3.jpg]
[creativelayers.net/themes/findhouse-html/images/property/pc1.jpg]
[creativelayers.net/themes/findhouse-html/images/property/pc2.jpg]
[creativelayers.net/themes/findhouse-html/images/property/pc3.jpg]
[creativelayers.net/themes/findhouse-html/images/property/pc4.jpg]
[creativelayers.net/themes/findhouse-html/images/testimonial/1.jpg]
[creativelayers.net/themes/findhouse-html/images/blog/bh1.jpg]
[creativelayers.net/themes/findhouse-html/images/blog/bh2.jpg]
[creativelayers.net/themes/findhouse-html/images/blog/bh3.jpg]
[creativelayers.net/themes/findhouse-html/images/partners/1.png]
[creativelayers.net/themes/findhouse-html/images/partners/2.png]
[creativelayers.net/themes/findhouse-html/images/partners/3.png]
[creativelayers.net/themes/findhouse-html/images/partners/4.png]
[creativelayers.net/themes/findhouse-html/images/partners/5.png]
[creativelayers.net/themes/findhouse-html/js/jquery-3.3.1.js]
[creativelayers.net/themes/findhouse-html/js/jquery-migrate-3.0.0.min.js]
[creativelayers.net/themes/findhouse-html/js/popper.min.js]
[creativelayers.net/themes/findhouse-html/js/bootstrap.min.js]
[creativelayers.net/themes/findhouse-html/js/jquery.mmenu.all.js]
[creativelayers.net/themes/findhouse-html/js/ace-responsive-menu.js]
[creativelayers.net/themes/findhouse-html/js/bootstrap-select.min.js]
[creativelayers.net/themes/findhouse-html/js/isotop.js]
[creativelayers.net/themes/findhouse-html/js/snackbar.min.js]
[creativelayers.net/themes/findhouse-html/js/simplebar.js]
[creativelayers.net/themes/findhouse-html/js/parallax.js]
[creativelayers.net/themes/findhouse-html/js/scrollto.js]
[creativelayers.net/themes/findhouse-html/js/jquery-scrolltofixed-min.js]
[creativelayers.net/themes/findhouse-html/js/jquery.counterup.js]
[creativelayers.net/themes/findhouse-html/js/wow.min.js]
[creativelayers.net/themes/findhouse-html/js/slider.js]
[creativelayers.net/themes/findhouse-html/js/pricing-slider.js]
[creativelayers.net/themes/findhouse-html/js/timepicker.js]
[creativelayers.net/themes/findhouse-html/js/script.js]
[creativelayers.net/themes/findhouse-html/index.html]
[creativelayers.net/themes/findhouse-html/css/bootstrap.min.css]
[creativelayers.net/themes/findhouse-html/css/jquery-ui.min.css]
[creativelayers.net/themes/findhouse-html/css/font-awesome.min.css]
[creativelayers.net/themes/findhouse-html/css/font-awesome-animation.min.css]
[creativelayers.net/themes/findhouse-html/css/menu.css]
[creativelayers.net/themes/findhouse-html/css/ace-responsive-menu.css]
[creativelayers.net/themes/findhouse-html/css/megadropdown.css]
[creativelayers.net/themes/findhouse-html/css/bootstrap-select.min.css]
[creativelayers.net/themes/findhouse-html/css/simplebar.min.css]
[creativelayers.net/themes/findhouse-html/css/progressbar.css]
[creativelayers.net/themes/findhouse-html/css/flaticon.css]
[creativelayers.net/themes/findhouse-html/css/animate.css]
[creativelayers.net/themes/findhouse-html/css/slider.css]
[creativelayers.net/themes/findhouse-html/css/magnific-popup.css]
[creativelayers.net/themes/findhouse-html/css/timecounter.css]
[creativelayers.net/themes/findhouse-html/images/background/10.jpg]
[creativelayers.net/themes/findhouse-html/images/background/12.jpg]
[creativelayers.net/themes/findhouse-html/images/background/1.jpg]
[creativelayers.net/themes/findhouse-html/images/background/5.jpg]
[creativelayers.net/themes/findhouse-html/images/background/7.jpg]
[creativelayers.net/themes/findhouse-html/images/background/13.jpg]
[creativelayers.net/themes/findhouse-html/images/background/3.jpg]
[creativelayers.net/themes/findhouse-html/images/background/2.jpg]
[creativelayers.net/themes/findhouse-html/images/background/6.jpg]
[creativelayers.net/themes/findhouse-html/images/background/8.jpg]
[creativelayers.net/themes/findhouse-html/images/background/9.jpg]
[creativelayers.net/themes/findhouse-html/images/background/11.jpg]
[creativelayers.net/themes/findhouse-html/images/background/inner-pagebg.jpg]
[creativelayers.net/themes/findhouse-html/images/team/upload_photo.jpg]
[creativelayers.net/themes/findhouse-html/images/background/4.jpg]
[creativelayers.net/themes/findhouse-html/images/pattern/1.png]
[creativelayers.net/themes/findhouse-html/images/pattern/2.png]
[creativelayers.net/themes/findhouse-html/images/preloader.gif]
[creativelayers.net/themes/findhouse-html/images/shop/ss1.png]
[creativelayers.net/themes/findhouse-html/images/shop/ss2.png]
[creativelayers.net/themes/findhouse-html/images/shop/ss3.png]
[creativelayers.net/themes/findhouse-html/css/style.css]
[creativelayers.net/themes/findhouse-html/css/responsive.css]
[creativelayers.net/themes/findhouse-html/images/property/pc5.jpg]
[creativelayers.net/themes/findhouse-html/images/property/pc6.jpg]
[creativelayers.net/themes/findhouse-html/index2.html]
[creativelayers.net/themes/findhouse-html/js/google-maps.js]
[creativelayers.net/themes/findhouse-html/images/property/pc7.jpg]
[creativelayers.net/themes/findhouse-html/images/property/pc8.jpg]
[creativelayers.net/themes/findhouse-html/images/property/pc9.jpg]
[creativelayers.net/themes/findhouse-html/images/property/pc10.jpg]
[creativelayers.net/themes/findhouse-html/images/property/pc11.jpg]
[creativelayers.net/themes/findhouse-html/images/property/fp4.jpg]
[creativelayers.net/themes/findhouse-html/images/property/fp5.jpg]
[creativelayers.net/themes/findhouse-html/images/property/fp6.jpg]
[creativelayers.net/themes/findhouse-html/images/team/5.jpg]
[creativelayers.net/themes/findhouse-html/images/team/6.jpg]
[creativelayers.net/themes/findhouse-html/images/team/7.jpg]
[creativelayers.net/themes/findhouse-html/images/team/8.jpg]
[creativelayers.net/themes/findhouse-html/images/team/9.jpg]
[creativelayers.net/themes/findhouse-html/images/team/10.jpg]
[creativelayers.net/themes/findhouse-html/index3.html]
[creativelayers.net/themes/findhouse-html/images/home/1.jpg]
[creativelayers.net/themes/findhouse-html/images/home/2.jpg]
[creativelayers.net/themes/findhouse-html/images/home/3.jpg]
[creativelayers.net/themes/findhouse-html/images/property/pc12.jpg]
[creativelayers.net/themes/findhouse-html/images/property/pc13.jpg]
[creativelayers.net/themes/findhouse-html/images/property/pc14.jpg]
[creativelayers.net/themes/findhouse-html/images/property/pc15.jpg]
[creativelayers.net/themes/findhouse-html/images/property/pc16.jpg]
[creativelayers.net/themes/findhouse-html/images/property/pc17.jpg]
[creativelayers.net/themes/findhouse-html/images/team/1.jpg]
[creativelayers.net/themes/findhouse-html/images/team/2.jpg]
[creativelayers.net/themes/findhouse-html/images/team/3.jpg]
[creativelayers.net/themes/findhouse-html/images/team/4.jpg]
[creativelayers.net/themes/findhouse-html/index4.html]
[creativelayers.net/themes/findhouse-html/index5.html]
[creativelayers.net/themes/findhouse-html/images/property/fp10.jpg]
[creativelayers.net/themes/findhouse-html/images/property/fp11.jpg]
[creativelayers.net/themes/findhouse-html/images/property/fp12.jpg]
[creativelayers.net/themes/findhouse-html/images/property/fp13.jpg]
[creativelayers.net/themes/findhouse-html/images/property/fp14.jpg]
[creativelayers.net/themes/findhouse-html/images/property/pc18.jpg]
[creativelayers.net/themes/findhouse-html/images/property/pc19.jpg]
[creativelayers.net/themes/findhouse-html/images/property/pc20.jpg]
[creativelayers.net/themes/findhouse-html/images/property/pc21.jpg]
[creativelayers.net/themes/findhouse-html/images/property/pc22.jpg]
[creativelayers.net/themes/findhouse-html/images/property/pc23.jpg]
[creativelayers.net/themes/findhouse-html/index6.html]
[creativelayers.net/themes/findhouse-html/images/property/fp7.jpg]
[creativelayers.net/themes/findhouse-html/images/property/fp8.jpg]
[creativelayers.net/themes/findhouse-html/images/property/fp9.jpg]
[creativelayers.net/themes/findhouse-html/index7.html]
[creativelayers.net/themes/findhouse-html/images/home/4.jpg]
[creativelayers.net/themes/findhouse-html/images/home/5.jpg]
[creativelayers.net/themes/findhouse-html/images/home/6.jpg]
[creativelayers.net/themes/findhouse-html/images/property/pc1.png]
[creativelayers.net/themes/findhouse-html/images/property/pc2.png]
[creativelayers.net/themes/findhouse-html/images/property/pc3.png]
[creativelayers.net/themes/findhouse-html/images/property/pc4.png]
[creativelayers.net/themes/findhouse-html/images/property/pc5.png]
[creativelayers.net/themes/findhouse-html/images/service/4.jpg]
[creativelayers.net/themes/findhouse-html/images/service/5.jpg]
[creativelayers.net/themes/findhouse-html/images/service/3.jpg]
[creativelayers.net/themes/findhouse-html/images/service/1.jpg]
[creativelayers.net/themes/findhouse-html/images/testimonial/5.png]
[creativelayers.net/themes/findhouse-html/images/testimonial/3.png]
[creativelayers.net/themes/findhouse-html/images/testimonial/4.png]
[creativelayers.net/themes/findhouse-html/images/testimonial/6.png]
[creativelayers.net/themes/findhouse-html/images/testimonial/7.png]
[creativelayers.net/themes/findhouse-html/js/progressbar.js]
[creativelayers.net/themes/findhouse-html/index8.html]
[creativelayers.net/themes/findhouse-html/images/testimonial/2.jpg]
[creativelayers.net/themes/findhouse-html/index9.html]
[creativelayers.net/themes/findhouse-html/images/home/7.jpg]
[creativelayers.net/themes/findhouse-html/index10.html]
[creativelayers.net/themes/findhouse-html/images/blog/fls1.jpg]
[creativelayers.net/themes/findhouse-html/images/blog/fls2.jpg]
[creativelayers.net/themes/findhouse-html/images/blog/fls3.jpg]
[creativelayers.net/themes/findhouse-html/images/property/fp15.jpg]
[creativelayers.net/themes/findhouse-html/images/property/fp16.jpg]
[creativelayers.net/themes/findhouse-html/images/property/fp17.jpg]
[creativelayers.net/themes/findhouse-html/images/property/fp18.jpg]
[creativelayers.net/themes/findhouse-html/images/property/fp19.jpg]
[creativelayers.net/themes/findhouse-html/images/property/fp20.jpg]
[creativelayers.net/themes/findhouse-html/page-listing-grid-v1.html]
[creativelayers.net/themes/findhouse-html/images/property/fp21.jpg]
[creativelayers.net/themes/findhouse-html/images/property/fp22.jpg]
[creativelayers.net/themes/findhouse-html/images/property/fp23.jpg]
[creativelayers.net/themes/findhouse-html/images/property/fp24.jpg]
[creativelayers.net/themes/findhouse-html/images/property/fp25.jpg]
[creativelayers.net/themes/findhouse-html/images/property/fp26.jpg]
[creativelayers.net/themes/findhouse-html/page-listing-grid-v2.html]
[creativelayers.net/themes/findhouse-html/page-listing-grid-v3.html]
[creativelayers.net/themes/findhouse-html/page-listing-grid-v4.html]
[creativelayers.net/themes/findhouse-html/page-listing-grid-v5.html]
[creativelayers.net/themes/findhouse-html/page-listing-full-width-grid.html]
[creativelayers.net/themes/findhouse-html/page-listing-list.html]
[creativelayers.net/themes/findhouse-html/page-listing-parallax.html]
[creativelayers.net/themes/findhouse-html/images/home/8.jpg]
[creativelayers.net/themes/findhouse-html/page-listing-slider.html]
[creativelayers.net/themes/findhouse-html/page-listing-map.html]
[creativelayers.net/themes/findhouse-html/page-listing-half-map-v1.html]
[creativelayers.net/themes/findhouse-html/page-listing-half-map-v2.html]
[creativelayers.net/themes/findhouse-html/page-listing-half-map-v3.html]
[creativelayers.net/themes/findhouse-html/page-listing-half-map-v4.html]
[creativelayers.net/themes/findhouse-html/images/team/11.jpg]
[creativelayers.net/themes/findhouse-html/images/team/12.jpg]
[creativelayers.net/themes/findhouse-html/images/team/13.jpg]
[creativelayers.net/themes/findhouse-html/images/team/14.jpg]
[creativelayers.net/themes/findhouse-html/images/team/15.jpg]
[creativelayers.net/themes/findhouse-html/images/team/16.jpg]
[creativelayers.net/themes/findhouse-html/page-listing-agent-v1.html]
[creativelayers.net/themes/findhouse-html/page-listing-agent-v2.html]
[creativelayers.net/themes/findhouse-html/images/testimonial/1.png]
[creativelayers.net/themes/findhouse-html/images/testimonial/2.png]
[creativelayers.net/themes/findhouse-html/page-listing-agent-v3.html]
[creativelayers.net/themes/findhouse-html/images/agency/1.jpg]
[creativelayers.net/themes/findhouse-html/images/agency/2.jpg]
[creativelayers.net/themes/findhouse-html/images/agency/3.jpg]
[creativelayers.net/themes/findhouse-html/images/agency/4.jpg]
[creativelayers.net/themes/findhouse-html/images/agency/5.jpg]
[creativelayers.net/themes/findhouse-html/images/agency/6.jpg]
[creativelayers.net/themes/findhouse-html/page-listing-agencies-v1.html]
[creativelayers.net/themes/findhouse-html/page-listing-agencies-v2.html]
[creativelayers.net/themes/findhouse-html/page-listing-agencies-v3.html]
[creativelayers.net/themes/findhouse-html/css/dashbord_navitaion.css]
[creativelayers.net/themes/findhouse-html/images/team/e1.png]
[creativelayers.net/themes/findhouse-html/page-my-savesearch.html]
[creativelayers.net/themes/findhouse-html/page-my-packages.html]
[creativelayers.net/themes/findhouse-html/js/smartuploader.js]
[creativelayers.net/themes/findhouse-html/js/dashboard-script.js]
[creativelayers.net/themes/findhouse-html/js/googlemaps1.js]
[creativelayers.net/themes/findhouse-html/page-add-new-property.html]
[creativelayers.net/themes/findhouse-html/js/chart.min.js]
[creativelayers.net/themes/findhouse-html/js/chart-custome.js]
[creativelayers.net/themes/findhouse-html/page-dashboard.html]
[creativelayers.net/themes/findhouse-html/page-my-properties.html]
[creativelayers.net/themes/findhouse-html/images/team/s1.jpg]
[creativelayers.net/themes/findhouse-html/images/team/s2.jpg]
[creativelayers.net/themes/findhouse-html/images/team/s3.jpg]
[creativelayers.net/themes/findhouse-html/images/team/s4.jpg]
[creativelayers.net/themes/findhouse-html/images/team/s5.jpg]
[creativelayers.net/themes/findhouse-html/images/team/s6.jpg]
[creativelayers.net/themes/findhouse-html/images/team/s7.jpg]
[creativelayers.net/themes/findhouse-html/images/team/s8.jpg]
[creativelayers.net/themes/findhouse-html/page-message.html]
[creativelayers.net/themes/findhouse-html/images/resource/review.png]
[creativelayers.net/themes/findhouse-html/images/resource/review2.png]
[creativelayers.net/themes/findhouse-html/images/resource/review3.png]
[creativelayers.net/themes/findhouse-html/images/resource/review4.png]
[creativelayers.net/themes/findhouse-html/page-my-review.html]
[creativelayers.net/themes/findhouse-html/page-my-favorites.html]
[creativelayers.net/themes/findhouse-html/page-my-profile.html]
[creativelayers.net/themes/findhouse-html/images/resource/floor_plan.png]
[creativelayers.net/themes/findhouse-html/images/resource/wscore.png]
[creativelayers.net/themes/findhouse-html/images/team/lc1.png]
[creativelayers.net/themes/findhouse-html/js/googlemaps2.js]
[creativelayers.net/themes/findhouse-html/page-listing-single-v1.html]
[creativelayers.net/themes/findhouse-html/images/property/ls1.jpg]
[creativelayers.net/themes/findhouse-html/images/property/ls2.jpg]
[creativelayers.net/themes/findhouse-html/images/property/ls3.jpg]
[creativelayers.net/themes/findhouse-html/images/property/ls4.jpg]
[creativelayers.net/themes/findhouse-html/images/property/ls5.jpg]
[creativelayers.net/themes/findhouse-html/page-listing-single-v2.html]
[creativelayers.net/themes/findhouse-html/images/property/lsslider1.jpg]
[creativelayers.net/themes/findhouse-html/images/property/lsslider2.jpg]
[creativelayers.net/themes/findhouse-html/images/property/lsslider3.jpg]
[creativelayers.net/themes/findhouse-html/page-listing-single-v3.html]
[creativelayers.net/themes/findhouse-html/images/property/1.jpg]
[creativelayers.net/themes/findhouse-html/images/property/2.jpg]
[creativelayers.net/themes/findhouse-html/images/property/3.jpg]
[creativelayers.net/themes/findhouse-html/images/property/4.jpg]
[creativelayers.net/themes/findhouse-html/images/property/5.jpg]
[creativelayers.net/themes/findhouse-html/images/property/6.jpg]
[creativelayers.net/themes/findhouse-html/images/property/7.jpg]
[creativelayers.net/themes/findhouse-html/page-listing-single-v4.html]
[creativelayers.net/themes/findhouse-html/page-listing-single-v5.html]
[creativelayers.net/themes/findhouse-html/images/shop/1.png]
[creativelayers.net/themes/findhouse-html/images/shop/2.png]
[creativelayers.net/themes/findhouse-html/images/shop/3.png]
[creativelayers.net/themes/findhouse-html/images/shop/4.png]
[creativelayers.net/themes/findhouse-html/images/shop/5.png]
[creativelayers.net/themes/findhouse-html/images/shop/6.png]
[creativelayers.net/themes/findhouse-html/images/shop/7.png]
[creativelayers.net/themes/findhouse-html/images/shop/8.png]
[creativelayers.net/themes/findhouse-html/images/shop/9.png]
[creativelayers.net/themes/findhouse-html/page-shop.html]
[creativelayers.net/themes/findhouse-html/page-shop-single.html]
[creativelayers.net/themes/findhouse-html/images/shop/cart1.png]
[creativelayers.net/themes/findhouse-html/images/shop/close.png]
[creativelayers.net/themes/findhouse-html/images/shop/cart2.png]
[creativelayers.net/themes/findhouse-html/images/shop/cart3.png]
[creativelayers.net/themes/findhouse-html/page-shop-cart.html]
[creativelayers.net/themes/findhouse-html/images/resource/payment.png]
[creativelayers.net/themes/findhouse-html/page-shop-checkout.html]
[creativelayers.net/themes/findhouse-html/page-shop-order.html]
[creativelayers.net/themes/findhouse-html/images/about/1.jpg]
[creativelayers.net/themes/findhouse-html/page-about.html]
[creativelayers.net/themes/findhouse-html/page-gallery.html]
[creativelayers.net/themes/findhouse-html/page-faq.html]
[creativelayers.net/themes/findhouse-html/page-login.html]
[creativelayers.net/themes/findhouse-html/images/pricing/1.jpg]
[creativelayers.net/themes/findhouse-html/images/pricing/2.jpg]
[creativelayers.net/themes/findhouse-html/images/pricing/3.jpg]
[creativelayers.net/themes/findhouse-html/page-compare.html]
[creativelayers.net/themes/findhouse-html/page-compare2.html]
[creativelayers.net/themes/findhouse-html/page-register.html]
[creativelayers.net/themes/findhouse-html/images/service/2.jpg]
[creativelayers.net/themes/findhouse-html/images/service/6.jpg]
[creativelayers.net/themes/findhouse-html/images/service/7.jpg]
[creativelayers.net/themes/findhouse-html/images/service/8.jpg]
[creativelayers.net/themes/findhouse-html/images/service/9.jpg]
[creativelayers.net/themes/findhouse-html/page-service.html]
[creativelayers.net/themes/findhouse-html/images/resource/error.png]
[creativelayers.net/themes/findhouse-html/page-error.html]
[creativelayers.net/themes/findhouse-html/page-terms.html]
[creativelayers.net/themes/findhouse-html/js/single-counter.js]
[creativelayers.net/themes/findhouse-html/page-ui-element.html]
[creativelayers.net/themes/findhouse-html/images/blog/7.jpg]
[creativelayers.net/themes/findhouse-html/images/blog/8.jpg]
[creativelayers.net/themes/findhouse-html/images/blog/9.jpg]
[creativelayers.net/themes/findhouse-html/page-blog-v1.html]
[creativelayers.net/themes/findhouse-html/images/blog/1.jpg]
[creativelayers.net/themes/findhouse-html/images/blog/2.jpg]
[creativelayers.net/themes/findhouse-html/images/blog/3.jpg]
[creativelayers.net/themes/findhouse-html/images/blog/4.jpg]
[creativelayers.net/themes/findhouse-html/images/blog/5.jpg]
[creativelayers.net/themes/findhouse-html/images/blog/6.jpg]
[creativelayers.net/themes/findhouse-html/page-blog-grid.html]
[creativelayers.net/themes/findhouse-html/images/blog/bs1.jpg]
[creativelayers.net/themes/findhouse-html/page-blog-single.html]
[creativelayers.net/themes/findhouse-html/page-contact.html]
[creativelayers.net/themes/findhouse-html/images/dark-nav-icon.svg]
[creativelayers.net/themes/findhouse-html/page-agencies-list-v1.html]
[creativelayers.net/themes/findhouse-html/page-agencies-list-v2.html]
[creativelayers.net/themes/findhouse-html/page-agencies-list-v3.html]
[creativelayers.net/themes/findhouse-html/css/jquery-ui.min.css]
[creativelayers.net/themes/findhouse-html/fonts/fontawesome-webfont3e6e.eot]
[creativelayers.net/themes/findhouse-html/fonts/fontawesome-webfontd41d.eot]
[creativelayers.net/themes/findhouse-html/fonts/fontawesome-webfont3e6e.woff2]
[creativelayers.net/themes/findhouse-html/fonts/fontawesome-webfont3e6e.woff]
[creativelayers.net/themes/findhouse-html/fonts/fontawesome-webfont3e6e.ttf]
[creativelayers.net/themes/findhouse-html/css/font-awesome.min.css]
[creativelayers.net/themes/findhouse-html/css/font-awesome-animation.min.css]
[creativelayers.net/themes/findhouse-html/css/menu.css]
[creativelayers.net/themes/findhouse-html/css/ace-responsive-menu.css]
[creativelayers.net/themes/findhouse-html/css/megadropdown.css]
[creativelayers.net/themes/findhouse-html/css/bootstrap-select.min.css]
[creativelayers.net/themes/findhouse-html/css/simplebar.min.css]
[creativelayers.net/themes/findhouse-html/css/animated-overlay.gif]
[creativelayers.net/themes/findhouse-html/css/progressbar.css]
[creativelayers.net/themes/findhouse-html/fonts/Flaticon.eot]
[creativelayers.net/themes/findhouse-html/fonts/Flaticond41d.eot]
[creativelayers.net/themes/findhouse-html/fonts/Flaticon.woff2]
[creativelayers.net/themes/findhouse-html/fonts/Flaticon.woff]
[creativelayers.net/themes/findhouse-html/fonts/Flaticon.ttf]
[creativelayers.net/themes/findhouse-html/css/flaticon.css]
[creativelayers.net/themes/findhouse-html/css/animate.css]
[creativelayers.net/themes/findhouse-html/css/ajax-loader.gif]
[creativelayers.net/themes/findhouse-html/fonts/slick.eot]
[creativelayers.net/themes/findhouse-html/fonts/slickd41d.eot]
[creativelayers.net/themes/findhouse-html/fonts/slick.woff]
[creativelayers.net/themes/findhouse-html/fonts/slick.ttf]
[creativelayers.net/themes/findhouse-html/css/slider.css]
[creativelayers.net/themes/findhouse-html/css/lightbox/close.png]
[creativelayers.net/themes/findhouse-html/css/lightbox/loading.gif]
[creativelayers.net/themes/findhouse-html/css/lightbox/prev.png]
[creativelayers.net/themes/findhouse-html/css/lightbox/next.png]
[creativelayers.net/themes/findhouse-html/css/magnific-popup.css]
[creativelayers.net/themes/findhouse-html/css/timecounter.css]
[creativelayers.net/themes/findhouse-html/images/background/3.html]
[creativelayers.net/themes/findhouse-html/images/background/2.html]
[creativelayers.net/themes/findhouse-html/css/dashbord_navitaion.css]
[creativelayers.net/themes/findhouse-html/page-my-savesearch.html]
[creativelayers.net/themes/findhouse-html/page-my-packages.html]
[creativelayers.net/themes/findhouse-html/css/images/ui-icons_444444_256x240.html]
[creativelayers.net/themes/findhouse-html/css/images/ui-icons_777777_256x240.html]
[creativelayers.net/themes/findhouse-html/css/images/ui-icons_555555_256x240.html]
[creativelayers.net/themes/findhouse-html/css/images/ui-icons_ffffff_256x240.html]
[creativelayers.net/themes/findhouse-html/css/images/ui-icons_777620_256x240.html]
[creativelayers.net/themes/findhouse-html/css/images/ui-icons_cc0000_256x240.html]
[creativelayers.net/themes/findhouse-html/fonts/fontawesome-webfont3e6e.svg]
[creativelayers.net/themes/findhouse-html/fonts/Flaticon.svg]
[creativelayers.net/themes/findhouse-html/css/owl.video.play.html]
[creativelayers.net/themes/findhouse-html/fonts/slick.svg]
